
Z:\InvariantSynthesis\VCDryad\vcc\Host\bin\Tests>C:\boogie\Boogie\Boogie.exe /typeEncoding:m /prover:SMTLib /useArrayTheory /trace /noinfer /contractInfer Z:\InvariantSynthesis\repo\vcdryad_bpl\Vcc3Prelude.new.bpl sorted-sll\sorted_insert.bpl.pred.bpl 
[TRACE] Using prover: C:\boogie\Boogie\z3.exe
Boogie program verifier version 2.2.30705.1126, Copyright (c) 2003-2013, Microsoft.
Parsing Z:\InvariantSynthesis\repo\vcdryad_bpl\Vcc3Prelude.new.bpl
Parsing sorted-sll\sorted_insert.bpl.pred.bpl
Coalescing blocks...
Collecting existential constants...
Building call graph...
Number of implementations = 1
Beginning VC generation for Houdini...
Generating VC for sorted_insert
Verifying sorted_insert
Houdini assignment axiom: (And true b0000 b0001 b0002 b0003 b0004 b0005 b0006 b0007 b0008 b0009 b0010 b0011 b0012 b0013 b0014 b0015 b0016 b0017 b0018 b0019 b0020 b0021 b0022 b0023 b0024 b0025 b0026 b0027 b0028 b0029 b0030 b0031 b0032 b0033 b0034 b0035 b0036 b0037 b0038 b0039 b0040 b0041)
Time taken = 1.1231064
Removing b0002
Verifying sorted_insert
Houdini assignment axiom: (And true b0000 b0001 (! b0002) b0003 b0004 b0005 b0006 b0007 b0008 b0009 b0010 b0011 b0012 b0013 b0014 b0015 b0016 b0017 b0018 b0019 b0020 b0021 b0022 b0023 b0024 b0025 b0026 b0027 b0028 b0029 b0030 b0031 b0032 b0033 b0034 b0035 b0036 b0037 b0038 b0039 b0040 b0041)
Time taken = 0.2183818
Removing b0003
Verifying sorted_insert
Houdini assignment axiom: (And true b0000 b0001 (! b0002) (! b0003) b0004 b0005 b0006 b0007 b0008 b0009 b0010 b0011 b0012 b0013 b0014 b0015 b0016 b0017 b0018 b0019 b0020 b0021 b0022 b0023 b0024 b0025 b0026 b0027 b0028 b0029 b0030 b0031 b0032 b0033 b0034 b0035 b0036 b0037 b0038 b0039 b0040 b0041)
Time taken = 3.6344971
Removing b0005
Removing b0006
Removing b0008
Verifying sorted_insert
Houdini assignment axiom: (And true b0000 b0001 (! b0002) (! b0003) b0004 (! b0005) (! b0006) b0007 (! b0008) b0009 b0010 b0011 b0012 b0013 b0014 b0015 b0016 b0017 b0018 b0019 b0020 b0021 b0022 b0023 b0024 b0025 b0026 b0027 b0028 b0029 b0030 b0031 b0032 b0033 b0034 b0035 b0036 b0037 b0038 b0039 b0040 b0041)
Time taken = 0.2339805
Removing b0009
Verifying sorted_insert
Houdini assignment axiom: (And true b0000 b0001 (! b0002) (! b0003) b0004 (! b0005) (! b0006) b0007 (! b0008) (! b0009) b0010 b0011 b0012 b0013 b0014 b0015 b0016 b0017 b0018 b0019 b0020 b0021 b0022 b0023 b0024 b0025 b0026 b0027 b0028 b0029 b0030 b0031 b0032 b0033 b0034 b0035 b0036 b0037 b0038 b0039 b0040 b0041)
Time taken = 0.2339805
Removing b0010
Verifying sorted_insert
Houdini assignment axiom: (And true b0000 b0001 (! b0002) (! b0003) b0004 (! b0005) (! b0006) b0007 (! b0008) (! b0009) (! b0010) b0011 b0012 b0013 b0014 b0015 b0016 b0017 b0018 b0019 b0020 b0021 b0022 b0023 b0024 b0025 b0026 b0027 b0028 b0029 b0030 b0031 b0032 b0033 b0034 b0035 b0036 b0037 b0038 b0039 b0040 b0041)
Time taken = 0.2339805
Removing b0011
Verifying sorted_insert
Houdini assignment axiom: (And true b0000 b0001 (! b0002) (! b0003) b0004 (! b0005) (! b0006) b0007 (! b0008) (! b0009) (! b0010) (! b0011) b0012 b0013 b0014 b0015 b0016 b0017 b0018 b0019 b0020 b0021 b0022 b0023 b0024 b0025 b0026 b0027 b0028 b0029 b0030 b0031 b0032 b0033 b0034 b0035 b0036 b0037 b0038 b0039 b0040 b0041)
Time taken = 7.9397383
Removing b0013
Removing b0014
Removing b0012
Verifying sorted_insert
Houdini assignment axiom: (And true b0000 b0001 (! b0002) (! b0003) b0004 (! b0005) (! b0006) b0007 (! b0008) (! b0009) (! b0010) (! b0011) (! b0012) (! b0013) (! b0014) b0015 b0016 b0017 b0018 b0019 b0020 b0021 b0022 b0023 b0024 b0025 b0026 b0027 b0028 b0029 b0030 b0031 b0032 b0033 b0034 b0035 b0036 b0037 b0038 b0039 b0040 b0041)
Time taken = 4.8511957
Removing b0018
Removing b0015
Verifying sorted_insert
Houdini assignment axiom: (And true b0000 b0001 (! b0002) (! b0003) b0004 (! b0005) (! b0006) b0007 (! b0008) (! b0009) (! b0010) (! b0011) (! b0012) (! b0013) (! b0014) (! b0015) b0016 b0017 (! b0018) b0019 b0020 b0021 b0022 b0023 b0024 b0025 b0026 b0027 b0028 b0029 b0030 b0031 b0032 b0033 b0034 b0035 b0036 b0037 b0038 b0039 b0040 b0041)
Time taken = 4.1804516
Removing b0019
Removing b0016
Verifying sorted_insert
Houdini assignment axiom: (And true b0000 b0001 (! b0002) (! b0003) b0004 (! b0005) (! b0006) b0007 (! b0008) (! b0009) (! b0010) (! b0011) (! b0012) (! b0013) (! b0014) (! b0015) (! b0016) b0017 (! b0018) (! b0019) b0020 b0021 b0022 b0023 b0024 b0025 b0026 b0027 b0028 b0029 b0030 b0031 b0032 b0033 b0034 b0035 b0036 b0037 b0038 b0039 b0040 b0041)
Time taken = 2.7765686
Removing b0020
Removing b0021
Verifying sorted_insert
Houdini assignment axiom: (And true b0000 b0001 (! b0002) (! b0003) b0004 (! b0005) (! b0006) b0007 (! b0008) (! b0009) (! b0010) (! b0011) (! b0012) (! b0013) (! b0014) (! b0015) (! b0016) b0017 (! b0018) (! b0019) (! b0020) (! b0021) b0022 b0023 b0024 b0025 b0026 b0027 b0028 b0029 b0030 b0031 b0032 b0033 b0034 b0035 b0036 b0037 b0038 b0039 b0040 b0041)
Time taken = 0.2651779
Removing b0022
Verifying sorted_insert
Houdini assignment axiom: (And true b0000 b0001 (! b0002) (! b0003) b0004 (! b0005) (! b0006) b0007 (! b0008) (! b0009) (! b0010) (! b0011) (! b0012) (! b0013) (! b0014) (! b0015) (! b0016) b0017 (! b0018) (! b0019) (! b0020) (! b0021) (! b0022) b0023 b0024 b0025 b0026 b0027 b0028 b0029 b0030 b0031 b0032 b0033 b0034 b0035 b0036 b0037 b0038 b0039 b0040 b0041)
Time taken = 0.2495792
Removing b0024
Verifying sorted_insert
Houdini assignment axiom: (And true b0000 b0001 (! b0002) (! b0003) b0004 (! b0005) (! b0006) b0007 (! b0008) (! b0009) (! b0010) (! b0011) (! b0012) (! b0013) (! b0014) (! b0015) (! b0016) b0017 (! b0018) (! b0019) (! b0020) (! b0021) (! b0022) b0023 (! b0024) b0025 b0026 b0027 b0028 b0029 b0030 b0031 b0032 b0033 b0034 b0035 b0036 b0037 b0038 b0039 b0040 b0041)
Time taken = 0.2339805
Removing b0025
Verifying sorted_insert
Houdini assignment axiom: (And true b0000 b0001 (! b0002) (! b0003) b0004 (! b0005) (! b0006) b0007 (! b0008) (! b0009) (! b0010) (! b0011) (! b0012) (! b0013) (! b0014) (! b0015) (! b0016) b0017 (! b0018) (! b0019) (! b0020) (! b0021) (! b0022) b0023 (! b0024) (! b0025) b0026 b0027 b0028 b0029 b0030 b0031 b0032 b0033 b0034 b0035 b0036 b0037 b0038 b0039 b0040 b0041)
Time taken = 0.2339805
Removing b0026
Verifying sorted_insert
Houdini assignment axiom: (And true b0000 b0001 (! b0002) (! b0003) b0004 (! b0005) (! b0006) b0007 (! b0008) (! b0009) (! b0010) (! b0011) (! b0012) (! b0013) (! b0014) (! b0015) (! b0016) b0017 (! b0018) (! b0019) (! b0020) (! b0021) (! b0022) b0023 (! b0024) (! b0025) (! b0026) b0027 b0028 b0029 b0030 b0031 b0032 b0033 b0034 b0035 b0036 b0037 b0038 b0039 b0040 b0041)
Time taken = 1.2010999
Removing b0027
Removing b0028
Removing b0004
Verifying sorted_insert
Houdini assignment axiom: (And true b0000 b0001 (! b0002) (! b0003) (! b0004) (! b0005) (! b0006) b0007 (! b0008) (! b0009) (! b0010) (! b0011) (! b0012) (! b0013) (! b0014) (! b0015) (! b0016) b0017 (! b0018) (! b0019) (! b0020) (! b0021) (! b0022) b0023 (! b0024) (! b0025) (! b0026) (! b0027) (! b0028) b0029 b0030 b0031 b0032 b0033 b0034 b0035 b0036 b0037 b0038 b0039 b0040 b0041)
Time taken = 0.8579285
Removing b0029
Removing b0034
Removing b0036
Removing b0030
Removing b0037
Verifying sorted_insert
Houdini assignment axiom: (And true b0000 b0001 (! b0002) (! b0003) (! b0004) (! b0005) (! b0006) b0007 (! b0008) (! b0009) (! b0010) (! b0011) (! b0012) (! b0013) (! b0014) (! b0015) (! b0016) b0017 (! b0018) (! b0019) (! b0020) (! b0021) (! b0022) b0023 (! b0024) (! b0025) (! b0026) (! b0027) (! b0028) (! b0029) (! b0030) b0031 b0032 b0033 (! b0034) b0035 (! b0036) (! b0037) b0038 b0039 b0040 b0041)
Time taken = 1.091909
Removing b0035
Removing b0038
Removing b0031
Removing b0039
Removing b0017
Verifying sorted_insert
Houdini assignment axiom: (And true b0000 b0001 (! b0002) (! b0003) (! b0004) (! b0005) (! b0006) b0007 (! b0008) (! b0009) (! b0010) (! b0011) (! b0012) (! b0013) (! b0014) (! b0015) (! b0016) (! b0017) (! b0018) (! b0019) (! b0020) (! b0021) (! b0022) b0023 (! b0024) (! b0025) (! b0026) (! b0027) (! b0028) (! b0029) (! b0030) (! b0031) b0032 b0033 (! b0034) (! b0035) (! b0036) (! b0037) (! b0038) (! b0039) b0040 b0041)
Time taken = 0.4367636
Removing b0040
Verifying sorted_insert
Houdini assignment axiom: (And true b0000 b0001 (! b0002) (! b0003) (! b0004) (! b0005) (! b0006) b0007 (! b0008) (! b0009) (! b0010) (! b0011) (! b0012) (! b0013) (! b0014) (! b0015) (! b0016) (! b0017) (! b0018) (! b0019) (! b0020) (! b0021) (! b0022) b0023 (! b0024) (! b0025) (! b0026) (! b0027) (! b0028) (! b0029) (! b0030) (! b0031) b0032 b0033 (! b0034) (! b0035) (! b0036) (! b0037) (! b0038) (! b0039) (! b0040) b0041)
Time taken = 0.3899675
Removing b0041
Verifying sorted_insert
Houdini assignment axiom: (And true b0000 b0001 (! b0002) (! b0003) (! b0004) (! b0005) (! b0006) b0007 (! b0008) (! b0009) (! b0010) (! b0011) (! b0012) (! b0013) (! b0014) (! b0015) (! b0016) (! b0017) (! b0018) (! b0019) (! b0020) (! b0021) (! b0022) b0023 (! b0024) (! b0025) (! b0026) (! b0027) (! b0028) (! b0029) (! b0030) (! b0031) b0032 b0033 (! b0034) (! b0035) (! b0036) (! b0037) (! b0038) (! b0039) (! b0040) (! b0041))
Time taken = 0.2027831
Number of true assignments = 6
Number of false assignments = 36
Prover time = 30.59
Unsat core prover time = 0.00
Number of prover queries = 20
Number of unsat core prover queries = 0
Number of unsat core prunings = 0
verified

Boogie program verifier finished with 1 verified, 0 errors
