
Z:\InvariantSynthesis\VCDryad\vcc\Host\bin\Tests>C:\boogie\Boogie\Boogie.exe /typeEncoding:m /prover:SMTLib /useArrayTheory /trace /noinfer /contractInfer Z:\InvariantSynthesis\repo\vcdryad_bpl\Vcc3Prelude.new.bpl sorted-sll\sorted_insert.bpl.pred.bpl 
[TRACE] Using prover: C:\boogie\Boogie\z3.exe
Boogie program verifier version 2.2.30705.1126, Copyright (c) 2003-2013, Microsoft.
Parsing Z:\InvariantSynthesis\repo\vcdryad_bpl\Vcc3Prelude.new.bpl
Parsing sorted-sll\sorted_insert.bpl.pred.bpl
Coalescing blocks...
Collecting existential constants...
Building call graph...
Number of implementations = 1
Beginning VC generation for Houdini...
Generating VC for sorted_insert
Verifying sorted_insert
Houdini assignment axiom: (And true b0000 b0001 b0002 b0003 b0004 b0005 b0006 b0007 b0008 b0009 b0010 b0011 b0012 b0013 b0014 b0015 b0016 b0017 b0018 b0019 b0020 b0021 b0022 b0023 b0024 b0025 b0026 b0027 b0028 b0029 b0030 b0031 b0032 b0033 b0034 b0035 b0036 b0037 b0038 b0039 b0040 b0041 b0042 b0043 b0044 b0045 b0046 b0047 b0048 b0049 b0050 b0051 b0052 b0053 b0054 b0055 b0056 b0057 b0058 b0059 b0060 b0061 b0062 b0063 b0064 b0065 b0066 b0067 b0068 b0069 b0070 b0071 b0072 b0073 b0074 b0075)
Time taken = 132.4662871
Removing b0002
Removing b0003
Removing b0004
Verifying sorted_insert
Houdini assignment axiom: (And true b0000 b0001 (! b0002) (! b0003) (! b0004) b0005 b0006 b0007 b0008 b0009 b0010 b0011 b0012 b0013 b0014 b0015 b0016 b0017 b0018 b0019 b0020 b0021 b0022 b0023 b0024 b0025 b0026 b0027 b0028 b0029 b0030 b0031 b0032 b0033 b0034 b0035 b0036 b0037 b0038 b0039 b0040 b0041 b0042 b0043 b0044 b0045 b0046 b0047 b0048 b0049 b0050 b0051 b0052 b0053 b0054 b0055 b0056 b0057 b0058 b0059 b0060 b0061 b0062 b0063 b0064 b0065 b0066 b0067 b0068 b0069 b0070 b0071 b0072 b0073 b0074 b0075)
Time taken = 8.0645796
Removing b0005
Verifying sorted_insert
Houdini assignment axiom: (And true b0000 b0001 (! b0002) (! b0003) (! b0004) (! b0005) b0006 b0007 b0008 b0009 b0010 b0011 b0012 b0013 b0014 b0015 b0016 b0017 b0018 b0019 b0020 b0021 b0022 b0023 b0024 b0025 b0026 b0027 b0028 b0029 b0030 b0031 b0032 b0033 b0034 b0035 b0036 b0037 b0038 b0039 b0040 b0041 b0042 b0043 b0044 b0045 b0046 b0047 b0048 b0049 b0050 b0051 b0052 b0053 b0054 b0055 b0056 b0057 b0058 b0059 b0060 b0061 b0062 b0063 b0064 b0065 b0066 b0067 b0068 b0069 b0070 b0071 b0072 b0073 b0074 b0075)
Time taken = 51.6466482
Removing b0006
Removing b0007
Removing b0008
Verifying sorted_insert
Houdini assignment axiom: (And true b0000 b0001 (! b0002) (! b0003) (! b0004) (! b0005) (! b0006) (! b0007) (! b0008) b0009 b0010 b0011 b0012 b0013 b0014 b0015 b0016 b0017 b0018 b0019 b0020 b0021 b0022 b0023 b0024 b0025 b0026 b0027 b0028 b0029 b0030 b0031 b0032 b0033 b0034 b0035 b0036 b0037 b0038 b0039 b0040 b0041 b0042 b0043 b0044 b0045 b0046 b0047 b0048 b0049 b0050 b0051 b0052 b0053 b0054 b0055 b0056 b0057 b0058 b0059 b0060 b0061 b0062 b0063 b0064 b0065 b0066 b0067 b0068 b0069 b0070 b0071 b0072 b0073 b0074 b0075)
Time taken = 4.367468
Removing b0010
Verifying sorted_insert
Houdini assignment axiom: (And true b0000 b0001 (! b0002) (! b0003) (! b0004) (! b0005) (! b0006) (! b0007) (! b0008) b0009 (! b0010) b0011 b0012 b0013 b0014 b0015 b0016 b0017 b0018 b0019 b0020 b0021 b0022 b0023 b0024 b0025 b0026 b0027 b0028 b0029 b0030 b0031 b0032 b0033 b0034 b0035 b0036 b0037 b0038 b0039 b0040 b0041 b0042 b0043 b0044 b0045 b0046 b0047 b0048 b0049 b0050 b0051 b0052 b0053 b0054 b0055 b0056 b0057 b0058 b0059 b0060 b0061 b0062 b0063 b0064 b0065 b0066 b0067 b0068 b0069 b0070 b0071 b0072 b0073 b0074 b0075)
Time taken = 0.6551202
Removing b0011
Verifying sorted_insert
Houdini assignment axiom: (And true b0000 b0001 (! b0002) (! b0003) (! b0004) (! b0005) (! b0006) (! b0007) (! b0008) b0009 (! b0010) (! b0011) b0012 b0013 b0014 b0015 b0016 b0017 b0018 b0019 b0020 b0021 b0022 b0023 b0024 b0025 b0026 b0027 b0028 b0029 b0030 b0031 b0032 b0033 b0034 b0035 b0036 b0037 b0038 b0039 b0040 b0041 b0042 b0043 b0044 b0045 b0046 b0047 b0048 b0049 b0050 b0051 b0052 b0053 b0054 b0055 b0056 b0057 b0058 b0059 b0060 b0061 b0062 b0063 b0064 b0065 b0066 b0067 b0068 b0069 b0070 b0071 b0072 b0073 b0074 b0075)
Time taken = 22.3676754
Removing b0013
Removing b0014
Removing b0016
Verifying sorted_insert
Houdini assignment axiom: (And true b0000 b0001 (! b0002) (! b0003) (! b0004) (! b0005) (! b0006) (! b0007) (! b0008) b0009 (! b0010) (! b0011) b0012 (! b0013) (! b0014) b0015 (! b0016) b0017 b0018 b0019 b0020 b0021 b0022 b0023 b0024 b0025 b0026 b0027 b0028 b0029 b0030 b0031 b0032 b0033 b0034 b0035 b0036 b0037 b0038 b0039 b0040 b0041 b0042 b0043 b0044 b0045 b0046 b0047 b0048 b0049 b0050 b0051 b0052 b0053 b0054 b0055 b0056 b0057 b0058 b0059 b0060 b0061 b0062 b0063 b0064 b0065 b0066 b0067 b0068 b0069 b0070 b0071 b0072 b0073 b0074 b0075)
Time taken = 0.6707183
Removing b0017
Verifying sorted_insert
Houdini assignment axiom: (And true b0000 b0001 (! b0002) (! b0003) (! b0004) (! b0005) (! b0006) (! b0007) (! b0008) b0009 (! b0010) (! b0011) b0012 (! b0013) (! b0014) b0015 (! b0016) (! b0017) b0018 b0019 b0020 b0021 b0022 b0023 b0024 b0025 b0026 b0027 b0028 b0029 b0030 b0031 b0032 b0033 b0034 b0035 b0036 b0037 b0038 b0039 b0040 b0041 b0042 b0043 b0044 b0045 b0046 b0047 b0048 b0049 b0050 b0051 b0052 b0053 b0054 b0055 b0056 b0057 b0058 b0059 b0060 b0061 b0062 b0063 b0064 b0065 b0066 b0067 b0068 b0069 b0070 b0071 b0072 b0073 b0074 b0075)
Time taken = 1.3414366
Removing b0018
Verifying sorted_insert
Houdini assignment axiom: (And true b0000 b0001 (! b0002) (! b0003) (! b0004) (! b0005) (! b0006) (! b0007) (! b0008) b0009 (! b0010) (! b0011) b0012 (! b0013) (! b0014) b0015 (! b0016) (! b0017) (! b0018) b0019 b0020 b0021 b0022 b0023 b0024 b0025 b0026 b0027 b0028 b0029 b0030 b0031 b0032 b0033 b0034 b0035 b0036 b0037 b0038 b0039 b0040 b0041 b0042 b0043 b0044 b0045 b0046 b0047 b0048 b0049 b0050 b0051 b0052 b0053 b0054 b0055 b0056 b0057 b0058 b0059 b0060 b0061 b0062 b0063 b0064 b0065 b0066 b0067 b0068 b0069 b0070 b0071 b0072 b0073 b0074 b0075)
Time taken = 0.6551202
Removing b0019
Verifying sorted_insert
Houdini assignment axiom: (And true b0000 b0001 (! b0002) (! b0003) (! b0004) (! b0005) (! b0006) (! b0007) (! b0008) b0009 (! b0010) (! b0011) b0012 (! b0013) (! b0014) b0015 (! b0016) (! b0017) (! b0018) (! b0019) b0020 b0021 b0022 b0023 b0024 b0025 b0026 b0027 b0028 b0029 b0030 b0031 b0032 b0033 b0034 b0035 b0036 b0037 b0038 b0039 b0040 b0041 b0042 b0043 b0044 b0045 b0046 b0047 b0048 b0049 b0050 b0051 b0052 b0053 b0054 b0055 b0056 b0057 b0058 b0059 b0060 b0061 b0062 b0063 b0064 b0065 b0066 b0067 b0068 b0069 b0070 b0071 b0072 b0073 b0074 b0075)
Time taken = 77.7429668
Removing b0021
Removing b0022
Removing b0020
Verifying sorted_insert
Houdini assignment axiom: (And true b0000 b0001 (! b0002) (! b0003) (! b0004) (! b0005) (! b0006) (! b0007) (! b0008) b0009 (! b0010) (! b0011) b0012 (! b0013) (! b0014) b0015 (! b0016) (! b0017) (! b0018) (! b0019) (! b0020) (! b0021) (! b0022) b0023 b0024 b0025 b0026 b0027 b0028 b0029 b0030 b0031 b0032 b0033 b0034 b0035 b0036 b0037 b0038 b0039 b0040 b0041 b0042 b0043 b0044 b0045 b0046 b0047 b0048 b0049 b0050 b0051 b0052 b0053 b0054 b0055 b0056 b0057 b0058 b0059 b0060 b0061 b0062 b0063 b0064 b0065 b0066 b0067 b0068 b0069 b0070 b0071 b0072 b0073 b0074 b0075)
Time taken = 8.5169994
Removing b0027
Removing b0023
Verifying sorted_insert
Houdini assignment axiom: (And true b0000 b0001 (! b0002) (! b0003) (! b0004) (! b0005) (! b0006) (! b0007) (! b0008) b0009 (! b0010) (! b0011) b0012 (! b0013) (! b0014) b0015 (! b0016) (! b0017) (! b0018) (! b0019) (! b0020) (! b0021) (! b0022) (! b0023) b0024 b0025 b0026 (! b0027) b0028 b0029 b0030 b0031 b0032 b0033 b0034 b0035 b0036 b0037 b0038 b0039 b0040 b0041 b0042 b0043 b0044 b0045 b0046 b0047 b0048 b0049 b0050 b0051 b0052 b0053 b0054 b0055 b0056 b0057 b0058 b0059 b0060 b0061 b0062 b0063 b0064 b0065 b0066 b0067 b0068 b0069 b0070 b0071 b0072 b0073 b0074 b0075)
Time taken = 22.3688226
Removing b0024
Verifying sorted_insert
Houdini assignment axiom: (And true b0000 b0001 (! b0002) (! b0003) (! b0004) (! b0005) (! b0006) (! b0007) (! b0008) b0009 (! b0010) (! b0011) b0012 (! b0013) (! b0014) b0015 (! b0016) (! b0017) (! b0018) (! b0019) (! b0020) (! b0021) (! b0022) (! b0023) (! b0024) b0025 b0026 (! b0027) b0028 b0029 b0030 b0031 b0032 b0033 b0034 b0035 b0036 b0037 b0038 b0039 b0040 b0041 b0042 b0043 b0044 b0045 b0046 b0047 b0048 b0049 b0050 b0051 b0052 b0053 b0054 b0055 b0056 b0057 b0058 b0059 b0060 b0061 b0062 b0063 b0064 b0065 b0066 b0067 b0068 b0069 b0070 b0071 b0072 b0073 b0074 b0075)
Time taken = 22.6495184
Removing b0028
Removing b0029
Verifying sorted_insert
Houdini assignment axiom: (And true b0000 b0001 (! b0002) (! b0003) (! b0004) (! b0005) (! b0006) (! b0007) (! b0008) b0009 (! b0010) (! b0011) b0012 (! b0013) (! b0014) b0015 (! b0016) (! b0017) (! b0018) (! b0019) (! b0020) (! b0021) (! b0022) (! b0023) (! b0024) b0025 b0026 (! b0027) (! b0028) (! b0029) b0030 b0031 b0032 b0033 b0034 b0035 b0036 b0037 b0038 b0039 b0040 b0041 b0042 b0043 b0044 b0045 b0046 b0047 b0048 b0049 b0050 b0051 b0052 b0053 b0054 b0055 b0056 b0057 b0058 b0059 b0060 b0061 b0062 b0063 b0064 b0065 b0066 b0067 b0068 b0069 b0070 b0071 b0072 b0073 b0074 b0075)
Time taken = 0.717531
Removing b0030
Verifying sorted_insert
Houdini assignment axiom: (And true b0000 b0001 (! b0002) (! b0003) (! b0004) (! b0005) (! b0006) (! b0007) (! b0008) b0009 (! b0010) (! b0011) b0012 (! b0013) (! b0014) b0015 (! b0016) (! b0017) (! b0018) (! b0019) (! b0020) (! b0021) (! b0022) (! b0023) (! b0024) b0025 b0026 (! b0027) (! b0028) (! b0029) (! b0030) b0031 b0032 b0033 b0034 b0035 b0036 b0037 b0038 b0039 b0040 b0041 b0042 b0043 b0044 b0045 b0046 b0047 b0048 b0049 b0050 b0051 b0052 b0053 b0054 b0055 b0056 b0057 b0058 b0059 b0060 b0061 b0062 b0063 b0064 b0065 b0066 b0067 b0068 b0069 b0070 b0071 b0072 b0073 b0074 b0075)
Time taken = 19.9192845
Removing b0032
Removing b0034
Verifying sorted_insert
Houdini assignment axiom: (And true b0000 b0001 (! b0002) (! b0003) (! b0004) (! b0005) (! b0006) (! b0007) (! b0008) b0009 (! b0010) (! b0011) b0012 (! b0013) (! b0014) b0015 (! b0016) (! b0017) (! b0018) (! b0019) (! b0020) (! b0021) (! b0022) (! b0023) (! b0024) b0025 b0026 (! b0027) (! b0028) (! b0029) (! b0030) b0031 (! b0032) b0033 (! b0034) b0035 b0036 b0037 b0038 b0039 b0040 b0041 b0042 b0043 b0044 b0045 b0046 b0047 b0048 b0049 b0050 b0051 b0052 b0053 b0054 b0055 b0056 b0057 b0058 b0059 b0060 b0061 b0062 b0063 b0064 b0065 b0066 b0067 b0068 b0069 b0070 b0071 b0072 b0073 b0074 b0075)
Time taken = 0.717531
Removing b0035
Verifying sorted_insert
Houdini assignment axiom: (And true b0000 b0001 (! b0002) (! b0003) (! b0004) (! b0005) (! b0006) (! b0007) (! b0008) b0009 (! b0010) (! b0011) b0012 (! b0013) (! b0014) b0015 (! b0016) (! b0017) (! b0018) (! b0019) (! b0020) (! b0021) (! b0022) (! b0023) (! b0024) b0025 b0026 (! b0027) (! b0028) (! b0029) (! b0030) b0031 (! b0032) b0033 (! b0034) (! b0035) b0036 b0037 b0038 b0039 b0040 b0041 b0042 b0043 b0044 b0045 b0046 b0047 b0048 b0049 b0050 b0051 b0052 b0053 b0054 b0055 b0056 b0057 b0058 b0059 b0060 b0061 b0062 b0063 b0064 b0065 b0066 b0067 b0068 b0069 b0070 b0071 b0072 b0073 b0074 b0075)
Time taken = 15.9884625
Removing b0036
Removing b0037
Verifying sorted_insert
Houdini assignment axiom: (And true b0000 b0001 (! b0002) (! b0003) (! b0004) (! b0005) (! b0006) (! b0007) (! b0008) b0009 (! b0010) (! b0011) b0012 (! b0013) (! b0014) b0015 (! b0016) (! b0017) (! b0018) (! b0019) (! b0020) (! b0021) (! b0022) (! b0023) (! b0024) b0025 b0026 (! b0027) (! b0028) (! b0029) (! b0030) b0031 (! b0032) b0033 (! b0034) (! b0035) (! b0036) (! b0037) b0038 b0039 b0040 b0041 b0042 b0043 b0044 b0045 b0046 b0047 b0048 b0049 b0050 b0051 b0052 b0053 b0054 b0055 b0056 b0057 b0058 b0059 b0060 b0061 b0062 b0063 b0064 b0065 b0066 b0067 b0068 b0069 b0070 b0071 b0072 b0073 b0074 b0075)
Time taken = 0.748728
Removing b0038
Verifying sorted_insert
Houdini assignment axiom: (And true b0000 b0001 (! b0002) (! b0003) (! b0004) (! b0005) (! b0006) (! b0007) (! b0008) b0009 (! b0010) (! b0011) b0012 (! b0013) (! b0014) b0015 (! b0016) (! b0017) (! b0018) (! b0019) (! b0020) (! b0021) (! b0022) (! b0023) (! b0024) b0025 b0026 (! b0027) (! b0028) (! b0029) (! b0030) b0031 (! b0032) b0033 (! b0034) (! b0035) (! b0036) (! b0037) (! b0038) b0039 b0040 b0041 b0042 b0043 b0044 b0045 b0046 b0047 b0048 b0049 b0050 b0051 b0052 b0053 b0054 b0055 b0056 b0057 b0058 b0059 b0060 b0061 b0062 b0063 b0064 b0065 b0066 b0067 b0068 b0069 b0070 b0071 b0072 b0073 b0074 b0075)
Time taken = 0.717531
Removing b0040
Verifying sorted_insert
Houdini assignment axiom: (And true b0000 b0001 (! b0002) (! b0003) (! b0004) (! b0005) (! b0006) (! b0007) (! b0008) b0009 (! b0010) (! b0011) b0012 (! b0013) (! b0014) b0015 (! b0016) (! b0017) (! b0018) (! b0019) (! b0020) (! b0021) (! b0022) (! b0023) (! b0024) b0025 b0026 (! b0027) (! b0028) (! b0029) (! b0030) b0031 (! b0032) b0033 (! b0034) (! b0035) (! b0036) (! b0037) (! b0038) b0039 (! b0040) b0041 b0042 b0043 b0044 b0045 b0046 b0047 b0048 b0049 b0050 b0051 b0052 b0053 b0054 b0055 b0056 b0057 b0058 b0059 b0060 b0061 b0062 b0063 b0064 b0065 b0066 b0067 b0068 b0069 b0070 b0071 b0072 b0073 b0074 b0075)
Time taken = 0.686334
Removing b0041
Verifying sorted_insert
Houdini assignment axiom: (And true b0000 b0001 (! b0002) (! b0003) (! b0004) (! b0005) (! b0006) (! b0007) (! b0008) b0009 (! b0010) (! b0011) b0012 (! b0013) (! b0014) b0015 (! b0016) (! b0017) (! b0018) (! b0019) (! b0020) (! b0021) (! b0022) (! b0023) (! b0024) b0025 b0026 (! b0027) (! b0028) (! b0029) (! b0030) b0031 (! b0032) b0033 (! b0034) (! b0035) (! b0036) (! b0037) (! b0038) b0039 (! b0040) (! b0041) b0042 b0043 b0044 b0045 b0046 b0047 b0048 b0049 b0050 b0051 b0052 b0053 b0054 b0055 b0056 b0057 b0058 b0059 b0060 b0061 b0062 b0063 b0064 b0065 b0066 b0067 b0068 b0069 b0070 b0071 b0072 b0073 b0074 b0075)
Time taken = 0.62394
Removing b0042
Verifying sorted_insert
Houdini assignment axiom: (And true b0000 b0001 (! b0002) (! b0003) (! b0004) (! b0005) (! b0006) (! b0007) (! b0008) b0009 (! b0010) (! b0011) b0012 (! b0013) (! b0014) b0015 (! b0016) (! b0017) (! b0018) (! b0019) (! b0020) (! b0021) (! b0022) (! b0023) (! b0024) b0025 b0026 (! b0027) (! b0028) (! b0029) (! b0030) b0031 (! b0032) b0033 (! b0034) (! b0035) (! b0036) (! b0037) (! b0038) b0039 (! b0040) (! b0041) (! b0042) b0043 b0044 b0045 b0046 b0047 b0048 b0049 b0050 b0051 b0052 b0053 b0054 b0055 b0056 b0057 b0058 b0059 b0060 b0061 b0062 b0063 b0064 b0065 b0066 b0067 b0068 b0069 b0070 b0071 b0072 b0073 b0074 b0075)
Time taken = 1.091895
Removing b0043
Removing b0044
Verifying sorted_insert
Houdini assignment axiom: (And true b0000 b0001 (! b0002) (! b0003) (! b0004) (! b0005) (! b0006) (! b0007) (! b0008) b0009 (! b0010) (! b0011) b0012 (! b0013) (! b0014) b0015 (! b0016) (! b0017) (! b0018) (! b0019) (! b0020) (! b0021) (! b0022) (! b0023) (! b0024) b0025 b0026 (! b0027) (! b0028) (! b0029) (! b0030) b0031 (! b0032) b0033 (! b0034) (! b0035) (! b0036) (! b0037) (! b0038) b0039 (! b0040) (! b0041) (! b0042) (! b0043) (! b0044) b0045 b0046 b0047 b0048 b0049 b0050 b0051 b0052 b0053 b0054 b0055 b0056 b0057 b0058 b0059 b0060 b0061 b0062 b0063 b0064 b0065 b0066 b0067 b0068 b0069 b0070 b0071 b0072 b0073 b0074 b0075)
Time taken = 2.651745
Removing b0045
Removing b0050
Removing b0052
Removing b0046
Removing b0053
Verifying sorted_insert
Houdini assignment axiom: (And true b0000 b0001 (! b0002) (! b0003) (! b0004) (! b0005) (! b0006) (! b0007) (! b0008) b0009 (! b0010) (! b0011) b0012 (! b0013) (! b0014) b0015 (! b0016) (! b0017) (! b0018) (! b0019) (! b0020) (! b0021) (! b0022) (! b0023) (! b0024) b0025 b0026 (! b0027) (! b0028) (! b0029) (! b0030) b0031 (! b0032) b0033 (! b0034) (! b0035) (! b0036) (! b0037) (! b0038) b0039 (! b0040) (! b0041) (! b0042) (! b0043) (! b0044) (! b0045) (! b0046) b0047 b0048 b0049 (! b0050) b0051 (! b0052) (! b0053) b0054 b0055 b0056 b0057 b0058 b0059 b0060 b0061 b0062 b0063 b0064 b0065 b0066 b0067 b0068 b0069 b0070 b0071 b0072 b0073 b0074 b0075)
Time taken = 2.059002
Removing b0051
Removing b0054
Removing b0047
Removing b0055
Verifying sorted_insert
Houdini assignment axiom: (And true b0000 b0001 (! b0002) (! b0003) (! b0004) (! b0005) (! b0006) (! b0007) (! b0008) b0009 (! b0010) (! b0011) b0012 (! b0013) (! b0014) b0015 (! b0016) (! b0017) (! b0018) (! b0019) (! b0020) (! b0021) (! b0022) (! b0023) (! b0024) b0025 b0026 (! b0027) (! b0028) (! b0029) (! b0030) b0031 (! b0032) b0033 (! b0034) (! b0035) (! b0036) (! b0037) (! b0038) b0039 (! b0040) (! b0041) (! b0042) (! b0043) (! b0044) (! b0045) (! b0046) (! b0047) b0048 b0049 (! b0050) (! b0051) (! b0052) (! b0053) (! b0054) (! b0055) b0056 b0057 b0058 b0059 b0060 b0061 b0062 b0063 b0064 b0065 b0066 b0067 b0068 b0069 b0070 b0071 b0072 b0073 b0074 b0075)
Time taken = 0.842319
Removing b0056
Verifying sorted_insert
Houdini assignment axiom: (And true b0000 b0001 (! b0002) (! b0003) (! b0004) (! b0005) (! b0006) (! b0007) (! b0008) b0009 (! b0010) (! b0011) b0012 (! b0013) (! b0014) b0015 (! b0016) (! b0017) (! b0018) (! b0019) (! b0020) (! b0021) (! b0022) (! b0023) (! b0024) b0025 b0026 (! b0027) (! b0028) (! b0029) (! b0030) b0031 (! b0032) b0033 (! b0034) (! b0035) (! b0036) (! b0037) (! b0038) b0039 (! b0040) (! b0041) (! b0042) (! b0043) (! b0044) (! b0045) (! b0046) (! b0047) b0048 b0049 (! b0050) (! b0051) (! b0052) (! b0053) (! b0054) (! b0055) (! b0056) b0057 b0058 b0059 b0060 b0061 b0062 b0063 b0064 b0065 b0066 b0067 b0068 b0069 b0070 b0071 b0072 b0073 b0074 b0075)
Time taken = 0.779925
Removing b0057
Verifying sorted_insert
Houdini assignment axiom: (And true b0000 b0001 (! b0002) (! b0003) (! b0004) (! b0005) (! b0006) (! b0007) (! b0008) b0009 (! b0010) (! b0011) b0012 (! b0013) (! b0014) b0015 (! b0016) (! b0017) (! b0018) (! b0019) (! b0020) (! b0021) (! b0022) (! b0023) (! b0024) b0025 b0026 (! b0027) (! b0028) (! b0029) (! b0030) b0031 (! b0032) b0033 (! b0034) (! b0035) (! b0036) (! b0037) (! b0038) b0039 (! b0040) (! b0041) (! b0042) (! b0043) (! b0044) (! b0045) (! b0046) (! b0047) b0048 b0049 (! b0050) (! b0051) (! b0052) (! b0053) (! b0054) (! b0055) (! b0056) (! b0057) b0058 b0059 b0060 b0061 b0062 b0063 b0064 b0065 b0066 b0067 b0068 b0069 b0070 b0071 b0072 b0073 b0074 b0075)
Time taken = 19.3736745
Removing b0058
Removing b0059
Removing b0060
Verifying sorted_insert
Houdini assignment axiom: (And true b0000 b0001 (! b0002) (! b0003) (! b0004) (! b0005) (! b0006) (! b0007) (! b0008) b0009 (! b0010) (! b0011) b0012 (! b0013) (! b0014) b0015 (! b0016) (! b0017) (! b0018) (! b0019) (! b0020) (! b0021) (! b0022) (! b0023) (! b0024) b0025 b0026 (! b0027) (! b0028) (! b0029) (! b0030) b0031 (! b0032) b0033 (! b0034) (! b0035) (! b0036) (! b0037) (! b0038) b0039 (! b0040) (! b0041) (! b0042) (! b0043) (! b0044) (! b0045) (! b0046) (! b0047) b0048 b0049 (! b0050) (! b0051) (! b0052) (! b0053) (! b0054) (! b0055) (! b0056) (! b0057) (! b0058) (! b0059) (! b0060) b0061 b0062 b0063 b0064 b0065 b0066 b0067 b0068 b0069 b0070 b0071 b0072 b0073 b0074 b0075)
Time taken = 106.0717484
Removing b0061
Removing b0064
Verifying sorted_insert
Houdini assignment axiom: (And true b0000 b0001 (! b0002) (! b0003) (! b0004) (! b0005) (! b0006) (! b0007) (! b0008) b0009 (! b0010) (! b0011) b0012 (! b0013) (! b0014) b0015 (! b0016) (! b0017) (! b0018) (! b0019) (! b0020) (! b0021) (! b0022) (! b0023) (! b0024) b0025 b0026 (! b0027) (! b0028) (! b0029) (! b0030) b0031 (! b0032) b0033 (! b0034) (! b0035) (! b0036) (! b0037) (! b0038) b0039 (! b0040) (! b0041) (! b0042) (! b0043) (! b0044) (! b0045) (! b0046) (! b0047) b0048 b0049 (! b0050) (! b0051) (! b0052) (! b0053) (! b0054) (! b0055) (! b0056) (! b0057) (! b0058) (! b0059) (! b0060) (! b0061) b0062 b0063 (! b0064) b0065 b0066 b0067 b0068 b0069 b0070 b0071 b0072 b0073 b0074 b0075)
Time taken = 97.9116531
Removing b0065
Removing b0066
Removing b0067
Removing b0068
Removing b0069
Verifying sorted_insert
Houdini assignment axiom: (And true b0000 b0001 (! b0002) (! b0003) (! b0004) (! b0005) (! b0006) (! b0007) (! b0008) b0009 (! b0010) (! b0011) b0012 (! b0013) (! b0014) b0015 (! b0016) (! b0017) (! b0018) (! b0019) (! b0020) (! b0021) (! b0022) (! b0023) (! b0024) b0025 b0026 (! b0027) (! b0028) (! b0029) (! b0030) b0031 (! b0032) b0033 (! b0034) (! b0035) (! b0036) (! b0037) (! b0038) b0039 (! b0040) (! b0041) (! b0042) (! b0043) (! b0044) (! b0045) (! b0046) (! b0047) b0048 b0049 (! b0050) (! b0051) (! b0052) (! b0053) (! b0054) (! b0055) (! b0056) (! b0057) (! b0058) (! b0059) (! b0060) (! b0061) b0062 b0063 (! b0064) (! b0065) (! b0066) (! b0067) (! b0068) (! b0069) b0070 b0071 b0072 b0073 b0074 b0075)
Time taken = 106.928088
Removing b0072
Removing b0073
Removing b0074
Removing b0075
Verifying sorted_insert
Houdini assignment axiom: (And true b0000 b0001 (! b0002) (! b0003) (! b0004) (! b0005) (! b0006) (! b0007) (! b0008) b0009 (! b0010) (! b0011) b0012 (! b0013) (! b0014) b0015 (! b0016) (! b0017) (! b0018) (! b0019) (! b0020) (! b0021) (! b0022) (! b0023) (! b0024) b0025 b0026 (! b0027) (! b0028) (! b0029) (! b0030) b0031 (! b0032) b0033 (! b0034) (! b0035) (! b0036) (! b0037) (! b0038) b0039 (! b0040) (! b0041) (! b0042) (! b0043) (! b0044) (! b0045) (! b0046) (! b0047) b0048 b0049 (! b0050) (! b0051) (! b0052) (! b0053) (! b0054) (! b0055) (! b0056) (! b0057) (! b0058) (! b0059) (! b0060) (! b0061) b0062 b0063 (! b0064) (! b0065) (! b0066) (! b0067) (! b0068) (! b0069) b0070 b0071 (! b0072) (! b0073) (! b0074) (! b0075))
Time taken = 28.7161021
Removing b0009
Verifying sorted_insert
Houdini assignment axiom: (And true b0000 b0001 (! b0002) (! b0003) (! b0004) (! b0005) (! b0006) (! b0007) (! b0008) (! b0009) (! b0010) (! b0011) b0012 (! b0013) (! b0014) b0015 (! b0016) (! b0017) (! b0018) (! b0019) (! b0020) (! b0021) (! b0022) (! b0023) (! b0024) b0025 b0026 (! b0027) (! b0028) (! b0029) (! b0030) b0031 (! b0032) b0033 (! b0034) (! b0035) (! b0036) (! b0037) (! b0038) b0039 (! b0040) (! b0041) (! b0042) (! b0043) (! b0044) (! b0045) (! b0046) (! b0047) b0048 b0049 (! b0050) (! b0051) (! b0052) (! b0053) (! b0054) (! b0055) (! b0056) (! b0057) (! b0058) (! b0059) (! b0060) (! b0061) b0062 b0063 (! b0064) (! b0065) (! b0066) (! b0067) (! b0068) (! b0069) b0070 b0071 (! b0072) (! b0073) (! b0074) (! b0075))
Time taken = 8.0018253
Removing b0012
Verifying sorted_insert
Houdini assignment axiom: (And true b0000 b0001 (! b0002) (! b0003) (! b0004) (! b0005) (! b0006) (! b0007) (! b0008) (! b0009) (! b0010) (! b0011) (! b0012) (! b0013) (! b0014) b0015 (! b0016) (! b0017) (! b0018) (! b0019) (! b0020) (! b0021) (! b0022) (! b0023) (! b0024) b0025 b0026 (! b0027) (! b0028) (! b0029) (! b0030) b0031 (! b0032) b0033 (! b0034) (! b0035) (! b0036) (! b0037) (! b0038) b0039 (! b0040) (! b0041) (! b0042) (! b0043) (! b0044) (! b0045) (! b0046) (! b0047) b0048 b0049 (! b0050) (! b0051) (! b0052) (! b0053) (! b0054) (! b0055) (! b0056) (! b0057) (! b0058) (! b0059) (! b0060) (! b0061) b0062 b0063 (! b0064) (! b0065) (! b0066) (! b0067) (! b0068) (! b0069) b0070 b0071 (! b0072) (! b0073) (! b0074) (! b0075))
Time taken = 15.2398615
Removing b0025
Verifying sorted_insert
Houdini assignment axiom: (And true b0000 b0001 (! b0002) (! b0003) (! b0004) (! b0005) (! b0006) (! b0007) (! b0008) (! b0009) (! b0010) (! b0011) (! b0012) (! b0013) (! b0014) b0015 (! b0016) (! b0017) (! b0018) (! b0019) (! b0020) (! b0021) (! b0022) (! b0023) (! b0024) (! b0025) b0026 (! b0027) (! b0028) (! b0029) (! b0030) b0031 (! b0032) b0033 (! b0034) (! b0035) (! b0036) (! b0037) (! b0038) b0039 (! b0040) (! b0041) (! b0042) (! b0043) (! b0044) (! b0045) (! b0046) (! b0047) b0048 b0049 (! b0050) (! b0051) (! b0052) (! b0053) (! b0054) (! b0055) (! b0056) (! b0057) (! b0058) (! b0059) (! b0060) (! b0061) b0062 b0063 (! b0064) (! b0065) (! b0066) (! b0067) (! b0068) (! b0069) b0070 b0071 (! b0072) (! b0073) (! b0074) (! b0075))
Time taken = 91.5493473
Removing b0026
Verifying sorted_insert
Houdini assignment axiom: (And true b0000 b0001 (! b0002) (! b0003) (! b0004) (! b0005) (! b0006) (! b0007) (! b0008) (! b0009) (! b0010) (! b0011) (! b0012) (! b0013) (! b0014) b0015 (! b0016) (! b0017) (! b0018) (! b0019) (! b0020) (! b0021) (! b0022) (! b0023) (! b0024) (! b0025) (! b0026) (! b0027) (! b0028) (! b0029) (! b0030) b0031 (! b0032) b0033 (! b0034) (! b0035) (! b0036) (! b0037) (! b0038) b0039 (! b0040) (! b0041) (! b0042) (! b0043) (! b0044) (! b0045) (! b0046) (! b0047) b0048 b0049 (! b0050) (! b0051) (! b0052) (! b0053) (! b0054) (! b0055) (! b0056) (! b0057) (! b0058) (! b0059) (! b0060) (! b0061) b0062 b0063 (! b0064) (! b0065) (! b0066) (! b0067) (! b0068) (! b0069) b0070 b0071 (! b0072) (! b0073) (! b0074) (! b0075))
Time taken = 55.7964805
Removing b0033
Verifying sorted_insert
Houdini assignment axiom: (And true b0000 b0001 (! b0002) (! b0003) (! b0004) (! b0005) (! b0006) (! b0007) (! b0008) (! b0009) (! b0010) (! b0011) (! b0012) (! b0013) (! b0014) b0015 (! b0016) (! b0017) (! b0018) (! b0019) (! b0020) (! b0021) (! b0022) (! b0023) (! b0024) (! b0025) (! b0026) (! b0027) (! b0028) (! b0029) (! b0030) b0031 (! b0032) (! b0033) (! b0034) (! b0035) (! b0036) (! b0037) (! b0038) b0039 (! b0040) (! b0041) (! b0042) (! b0043) (! b0044) (! b0045) (! b0046) (! b0047) b0048 b0049 (! b0050) (! b0051) (! b0052) (! b0053) (! b0054) (! b0055) (! b0056) (! b0057) (! b0058) (! b0059) (! b0060) (! b0061) b0062 b0063 (! b0064) (! b0065) (! b0066) (! b0067) (! b0068) (! b0069) b0070 b0071 (! b0072) (! b0073) (! b0074) (! b0075))
Time taken = 35.720158
Removing b0062
Verifying sorted_insert
Houdini assignment axiom: (And true b0000 b0001 (! b0002) (! b0003) (! b0004) (! b0005) (! b0006) (! b0007) (! b0008) (! b0009) (! b0010) (! b0011) (! b0012) (! b0013) (! b0014) b0015 (! b0016) (! b0017) (! b0018) (! b0019) (! b0020) (! b0021) (! b0022) (! b0023) (! b0024) (! b0025) (! b0026) (! b0027) (! b0028) (! b0029) (! b0030) b0031 (! b0032) (! b0033) (! b0034) (! b0035) (! b0036) (! b0037) (! b0038) b0039 (! b0040) (! b0041) (! b0042) (! b0043) (! b0044) (! b0045) (! b0046) (! b0047) b0048 b0049 (! b0050) (! b0051) (! b0052) (! b0053) (! b0054) (! b0055) (! b0056) (! b0057) (! b0058) (! b0059) (! b0060) (! b0061) (! b0062) b0063 (! b0064) (! b0065) (! b0066) (! b0067) (! b0068) (! b0069) b0070 b0071 (! b0072) (! b0073) (! b0074) (! b0075))
Time taken = 29.916964
Removing b0063
Verifying sorted_insert
Houdini assignment axiom: (And true b0000 b0001 (! b0002) (! b0003) (! b0004) (! b0005) (! b0006) (! b0007) (! b0008) (! b0009) (! b0010) (! b0011) (! b0012) (! b0013) (! b0014) b0015 (! b0016) (! b0017) (! b0018) (! b0019) (! b0020) (! b0021) (! b0022) (! b0023) (! b0024) (! b0025) (! b0026) (! b0027) (! b0028) (! b0029) (! b0030) b0031 (! b0032) (! b0033) (! b0034) (! b0035) (! b0036) (! b0037) (! b0038) b0039 (! b0040) (! b0041) (! b0042) (! b0043) (! b0044) (! b0045) (! b0046) (! b0047) b0048 b0049 (! b0050) (! b0051) (! b0052) (! b0053) (! b0054) (! b0055) (! b0056) (! b0057) (! b0058) (! b0059) (! b0060) (! b0061) (! b0062) (! b0063) (! b0064) (! b0065) (! b0066) (! b0067) (! b0068) (! b0069) b0070 b0071 (! b0072) (! b0073) (! b0074) (! b0075))
Time taken = 0.218372
Number of true assignments = 9
Number of false assignments = 67
Prover time = 996.50
Unsat core prover time = 0.00
Number of prover queries = 38
Number of unsat core prover queries = 0
Number of unsat core prunings = 0
verified

Boogie program verifier finished with 1 verified, 0 errors
